-----------------------------------------------------------------------------------

github:

signup to github
login - creare public repository - copyurl

gitbash:

git --help

go to dir:
git clone https://github.com/ksphub/test.git
cd test
git config --global --edit
mkdir and go into it
copy file here what you want to upload
git add .
git status
git commit -m "added ansible notes"
git push # it pops up for github login



gitlog
git branch -a


-----------------------------------------------------------------------------------



JK@JK-PC MINGW64 ~/Desktop/DevopsDesk/GitData
$ git clone https://github.com/ksphub/test.git
Cloning into 'test'...
warning: You appear to have cloned an empty repository.

JK@JK-PC MINGW64 ~/Desktop/DevopsDesk/GitData
$ cd test/

JK@JK-PC MINGW64 ~/Desktop/DevopsDesk/GitData/test (master)
$ git status
On branch master

No commits yet

nothing to commit (create/copy files and use "git add" to track)

JK@JK-PC MINGW64 ~/Desktop/DevopsDesk/GitData/test (master)
$ mkdir ansible

JK@JK-PC MINGW64 ~/Desktop/DevopsDesk/GitData/test (master)
$ cd ansible/

JK@JK-PC MINGW64 ~/Desktop/DevopsDesk/GitData/test/ansible (master)
$ git status
On branch master

No commits yet

nothing to commit (create/copy files and use "git add" to track)

JK@JK-PC MINGW64 ~/Desktop/DevopsDesk/GitData/test/ansible (master)
$ ls


JK@JK-PC MINGW64 ~/Desktop/DevopsDesk/GitData/test/ansible (master)
$ git commit -m "added ansible notes"

*** Please tell me who you are.

Run

  git config --global user.email "you@example.com"
  git config --global user.name "Your Name"

to set your account's default identity.
Omit --global to set the identity only in this repository.

fatal: unable to auto-detect email address (got 'JK@JK-PC.(none)')

JK@JK-PC MINGW64 ~/Desktop/DevopsDesk/GitData/test/ansible (master)
$ git config --global --edit


JK@JK-PC MINGW64 ~/Desktop/DevopsDesk/GitData/test/ansible (master)
$ cp ../../ansible-Jan2019.txt .

JK@JK-PC MINGW64 ~/Desktop/DevopsDesk/GitData/test/ansible (master)
$ ls
ansible-Jan2019.txt

JK@JK-PC MINGW64 ~/Desktop/DevopsDesk/GitData/test/ansible (master)
$ git add .

JK@JK-PC MINGW64 ~/Desktop/DevopsDesk/GitData/test/ansible (master)
$ git status
On branch master

No commits yet

Changes to be committed:
  (use "git rm --cached <file>..." to unstage)

        new file:   ansible-Jan2019.txt


JK@JK-PC MINGW64 ~/Desktop/DevopsDesk/GitData/test/ansible (master)
$ git commit -m "added ansible notes"
[master (root-commit) 8eaa337] added ansible notes
 1 file changed, 505 insertions(+)
 create mode 100644 ansible/ansible-Jan2019.txt

JK@JK-PC MINGW64 ~/Desktop/DevopsDesk/GitData/test/ansible (master)
$ git status
On branch master
Your branch is based on 'origin/master', but the upstream is gone.
  (use "git branch --unset-upstream" to fixup)

nothing to commit, working tree clean

JK@JK-PC MINGW64 ~/Desktop/DevopsDesk/GitData/test/ansible (master)
$ git push
Enumerating objects: 4, done.
Counting objects: 100% (4/4), done.
Compressing objects: 100% (2/2), done.
Writing objects: 100% (4/4), 3.85 KiB | 1.92 MiB/s, done.
Total 4 (delta 0), reused 0 (delta 0)
To https://github.com/ksphub/test.git
 * [new branch]      master -> master

JK@JK-PC MINGW64 ~/Desktop/DevopsDesk/GitData/test/ansible (master)
$











JK@JK-PC MINGW64 ~/Desktop/DevopsDesk/GitData/test/ansible (master)
$ cp ../../../
DevInstallationLogs.txt            github.txt
Devops-Desktop-Install-Tricks.txt  hello.yml
GitData/

JK@JK-PC MINGW64 ~/Desktop/DevopsDesk/GitData/test/ansible (master)
$ cp ../../../DevInstallationLogs.txt .

JK@JK-PC MINGW64 ~/Desktop/DevopsDesk/GitData/test/ansible (master)
$ cp ../../../github.txt .

JK@JK-PC MINGW64 ~/Desktop/DevopsDesk/GitData/test/ansible (master)
$ cp ../../../Devops-Desktop-Install-Tricks.txt .

JK@JK-PC MINGW64 ~/Desktop/DevopsDesk/GitData/test/ansible (master)
$ ls
ansible-Jan2019.txt      Devops-Desktop-Install-Tricks.txt
DevInstallationLogs.txt  github.txt

JK@JK-PC MINGW64 ~/Desktop/DevopsDesk/GitData/test/ansible (master)
$ git status
On branch master
Your branch is up to date with 'origin/master'.

Untracked files:
  (use "git add <file>..." to include in what will be committed)

        DevInstallationLogs.txt
        Devops-Desktop-Install-Tricks.txt
        github.txt

nothing added to commit but untracked files present (use "git add" to track)

JK@JK-PC MINGW64 ~/Desktop/DevopsDesk/GitData/test/ansible (master)
$ git add .

JK@JK-PC MINGW64 ~/Desktop/DevopsDesk/GitData/test/ansible (master)
$ git status
On branch master
Your branch is up to date with 'origin/master'.

Changes to be committed:
  (use "git reset HEAD <file>..." to unstage)

        new file:   DevInstallationLogs.txt
        new file:   Devops-Desktop-Install-Tricks.txt
        new file:   github.txt


JK@JK-PC MINGW64 ~/Desktop/DevopsDesk/GitData/test/ansible (master)
$ git commit -m "added 3 new file notes"
[master fd78bed] added 3 new file notes
 3 files changed, 489 insertions(+)
 create mode 100644 ansible/DevInstallationLogs.txt
 create mode 100644 ansible/Devops-Desktop-Install-Tricks.txt
 create mode 100644 ansible/github.txt

JK@JK-PC MINGW64 ~/Desktop/DevopsDesk/GitData/test/ansible (master)
$ git status
On branch master
Your branch is ahead of 'origin/master' by 1 commit.
  (use "git push" to publish your local commits)

nothing to commit, working tree clean

JK@JK-PC MINGW64 ~/Desktop/DevopsDesk/GitData/test/ansible (master)
$ git push
Enumerating objects: 8, done.
Counting objects: 100% (8/8), done.
Compressing objects: 100% (5/5), done.
Writing objects: 100% (6/6), 5.22 KiB | 2.61 MiB/s, done.
Total 6 (delta 0), reused 0 (delta 0)
To https://github.com/ksphub/test.git
   8eaa337..fd78bed  master -> master

JK@JK-PC MINGW64 ~/Desktop/DevopsDesk/GitData/test/ansible (master)
$ git status
On branch master
Your branch is up to date with 'origin/master'.

nothing to commit, working tree clean

JK@JK-PC MINGW64 ~/Desktop/DevopsDesk/GitData/test/ansible (master)
$


$ git log
commit fd78bedf93955f2ec01f9b1afbd19199fe6c40e7 (HEAD -> master, origin/master)
Author: KSP <sivaprasad.kammara@gmail.com>
Date:   Sun Jan 6 00:35:30 2019 +0530

    added 3 new file notes

commit 8eaa3373ac873e3d0e6a4d8099e7cc8dad524920
Author: KSP <sivaprasad.kammara@gmail.com>
Date:   Sun Jan 6 00:28:00 2019 +0530

    added ansible notes

JK@JK-PC MINGW64 ~/Desktop/DevopsDesk/GitData/test/ansible (master)
$

JK@JK-PC MINGW64 ~/Desktop/DevopsDesk/GitData/test/ansible (master)
$ git branch -a
* master
  remotes/origin/master




-----------------------------------------------------------------------------------

